⏳ Message is still pending or not found within 10 seconds.
Failed to send image message to 972532842724
✅ Message successfully sent!
Image message sent to 972546809257
✅ Message successfully sent!
Image message sent to 33652368242
✅ Message successfully sent!
Image message sent to 972537080051
✅ Message successfully sent!
Image message sent to 33611622525
✅ Message successfully sent!
Image message sent to 33755549187
✅ Message successfully sent!
Image message sent to 972533206478
✅ Message successfully sent!
Image message sent to 972544613415
✅ Message successfully sent!
Image message sent to 972544969509
✅ Message successfully sent!
Image message sent to 972555004309
✅ Message successfully sent!
Image message sent to 972545944650
✅ Message successfully sent!
Image message sent to 33663151313
✅ Message successfully sent!
Image message sent to 33767496336
✅ Message successfully sent!
Image message sent to 972543261937
✅ Message successfully sent!
Image message sent to 972546872426
✅ Message successfully sent!
Image message sent to 33628233110
✅ Message successfully sent!
Image message sent to 33650833578
✅ Message successfully sent!
Image message sent to 33660424412
✅ Message successfully sent!
Image message sent to 972528856505
✅ Message successfully sent!
Image message sent to 972529516784
⏳ Message is still pending or not found within 10 seconds.
Failed to send image message to 972537080550
✅ Message successfully sent!
Image message sent to 972542059640
✅ Message successfully sent!
Image message sent to 972586355903
✅ Message successfully sent!
Image message sent to 33663229231
✅ Message successfully sent!
Image message sent to 972508874024
✅ Message successfully sent!
Image message sent to 972526398910
✅ Message successfully sent!
Image message sent to 972527287958
✅ Message successfully sent!
Image message sent to 972533533349
✅ Message successfully sent!
Image message sent to 972535523306
✅ Message successfully sent!
Image message sent to 972543074699
✅ Message successfully sent!
Image message sent to 972547164541
✅ Message successfully sent!
Image message sent to 972547808726
✅ Message successfully sent!
Image message sent to 972584611625
✅ Message successfully sent!
Image message sent to 972587423653
✅ Message successfully sent!
Image message sent to 972537749880
✅ Message successfully sent!
Image message sent to 33660549198
✅ Message successfully sent!
Image message sent to 972523835607
✅ Message successfully sent!
Image message sent to 972585250589
✅ Message successfully sent!
Image message sent to 972586880545
✅ Message successfully sent!
Image message sent to 972532745982
✅ Message successfully sent!
Image message sent to 972505847009
✅ Message successfully sent!
Image message sent to 33652565959
✅ Message successfully sent!
Image message sent to 33667186433
✅ Message successfully sent!
Image message sent to 972522634257
✅ Message successfully sent!
Image message sent to 972527222843
✅ Message successfully sent!
Image message sent to 972527586885
✅ Message successfully sent!
Image message sent to 972537080362
✅ Message successfully sent!
Image message sent to 972545907559
✅ Message successfully sent!
Image message sent to 33761712828
✅ Message successfully sent!
Image message sent to 972544382916
✅ Message successfully sent!
Image message sent to 33626822424
✅ Message successfully sent!
Image message sent to 972533209359
✅ Message successfully sent!
Image message sent to 972537085661
✅ Message successfully sent!
Image message sent to 972543927799
✅ Message successfully sent!
Image message sent to 972544510637
⏳ Message is still pending or not found within 10 seconds.
Failed to send image message to 972547328626
✅ Message successfully sent!
Image message sent to 972585270350
✅ Message successfully sent!
Image message sent to 972512655148
✅ Message successfully sent!
Image message sent to 972547693088
✅ Message successfully sent!
Image message sent to 33611830830
✅ Message successfully sent!
Image message sent to 33661178909
✅ Message successfully sent!
Image message sent to 33662588827
✅ Message successfully sent!
Image message sent to 33695366860
✅ Message successfully sent!
Image message sent to 972524608662
✅ Message successfully sent!
Image message sent to 972539611261
✅ Message successfully sent!
Image message sent to 972547007401
✅ Message successfully sent!
Image message sent to 972537084776
✅ Message successfully sent!
Image message sent to 972547635975
✅ Message successfully sent!
Image message sent to 33609341250
✅ Message successfully sent!
Image message sent to 33629517660
✅ Message successfully sent!
Image message sent to 33699329191
✅ Message successfully sent!
Image message sent to 972549054925
✅ Message successfully sent!
Image message sent to 972548036945
✅ Message successfully sent!
Image message sent to 33650869910
✅ Message successfully sent!
Image message sent to 33660931789
✅ Message successfully sent!
Image message sent to 33662311316
✅ Message successfully sent!
Image message sent to 972525487436
✅ Message successfully sent!
Image message sent to 972528902118
✅ Message successfully sent!
Image message sent to 972537089270
✅ Message successfully sent!
Image message sent to 972542180695
✅ Message successfully sent!
Image message sent to 972547423652
✅ Message successfully sent!
Image message sent to 972529543466
✅ Message successfully sent!
Image message sent to 972585882424
✅ Message successfully sent!
Image message sent to 33781970737
✅ Message successfully sent!
Image message sent to 972537080504
✅ Message successfully sent!
Image message sent to 33766718192
✅ Message successfully sent!
Image message sent to 972549527265
✅ Message successfully sent!
Image message sent to 33613423372
✅ Message successfully sent!
Image message sent to 33616589102
✅ Message successfully sent!
Image message sent to 33659029497
✅ Message successfully sent!
Image message sent to 33660259631
✅ Message successfully sent!
Image message sent to 33670176681
✅ Message successfully sent!
Image message sent to 33752080808
✅ Message successfully sent!
Image message sent to 972528494812
✅ Message successfully sent!
Image message sent to 972548703978
✅ Message successfully sent!
Image message sent to 33626301481
✅ Message successfully sent!
Image message sent to 972585172205
✅ Message successfully sent!
Image message sent to 972524087180
✅ Message successfully sent!
Image message sent to 972525894633
✅ Message successfully sent!
Image message sent to 972527295184
✅ Message successfully sent!
Image message sent to 972555003465
✅ Message successfully sent!
Image message sent to 972584101293
✅ Message successfully sent!
Image message sent to 972586880546
✅ Message successfully sent!
Image message sent to 972537081877
✅ Message successfully sent!
Image message sent to 972587711661
✅ Message successfully sent!
Image message sent to 33667616369
✅ Message successfully sent!
Image message sent to 33675279298
✅ Message successfully sent!
Image message sent to 972535501702
✅ Message successfully sent!
Image message sent to 972537291870
✅ Message successfully sent!
Image message sent to 972538791261
✅ Message successfully sent!
Image message sent to 972547641307
✅ Message successfully sent!
Image message sent to 972585001358
✅ Message successfully sent!
Image message sent to 972587966746
✅ Message successfully sent!
Image message sent to 33620804475
✅ Message successfully sent!
Image message sent to 33662097793
✅ Message successfully sent!
Image message sent to 972537080250
✅ Message successfully sent!
Image message sent to 972549441800
✅ Message successfully sent!
Image message sent to 972555002729
✅ Message successfully sent!
Image message sent to 972585700303
✅ Message successfully sent!
Image message sent to 972587897009
✅ Message successfully sent!
Image message sent to 972502612674
✅ Message successfully sent!
Image message sent to 33609973548
✅ Message successfully sent!
Image message sent to 33620595586
✅ Message successfully sent!
Image message sent to 33660967881
✅ Message successfully sent!
Image message sent to 972537082633
✅ Message successfully sent!
Image message sent to 972537089755
✅ Message successfully sent!
Image message sent to 972544862188
✅ Message successfully sent!
Image message sent to 972545865608
✅ Message successfully sent!
Image message sent to 972548727795
✅ Message successfully sent!
Image message sent to 972586560202
✅ Message successfully sent!
Image message sent to 972543118546
✅ Message successfully sent!
Image message sent to 34619626921
✅ Message successfully sent!
Image message sent to 33783277433
✅ Message successfully sent!
Image message sent to 972532301461
✅ Message successfully sent!
Image message sent to 972532350637
✅ Message successfully sent!
Image message sent to 972546428981
✅ Message successfully sent!
Image message sent to 972549559727
✅ Message successfully sent!
Image message sent to 972586880051
✅ Message successfully sent!
Image message sent to 972587118218
✅ Message successfully sent!
Image message sent to 972587902909
✅ Message successfully sent!
Image message sent to 972532782655
✅ Message successfully sent!
Image message sent to 972547508032
✅ Message successfully sent!
Image message sent to 33618325297
✅ Message successfully sent!
Image message sent to 33624333333
✅ Message successfully sent!
Image message sent to 33627133237
✅ Message successfully sent!
Image message sent to 33629994652
✅ Message successfully sent!
Image message sent to 33643939284
✅ Message successfully sent!
Image message sent to 33663746091
✅ Message successfully sent!
Image message sent to 33666478337
✅ Message successfully sent!
Image message sent to 33688064627
✅ Message successfully sent!
Image message sent to 33699787391
✅ Message successfully sent!
Image message sent to 33767555353
✅ Message successfully sent!
Image message sent to 972543172272
✅ Message successfully sent!
Image message sent to 972586306102
✅ Message successfully sent!
Image message sent to 33610055554
✅ Message successfully sent!
Image message sent to 13104876938
✅ Message successfully sent!
Image message sent to 33601365813
✅ Message successfully sent!
Image message sent to 33611644183
✅ Message successfully sent!
Image message sent to 33616526709
✅ Message successfully sent!
Image message sent to 33620074495
✅ Message successfully sent!
Image message sent to 33623618340
✅ Message successfully sent!
Image message sent to 33629322726
✅ Message successfully sent!
Image message sent to 33660159797
✅ Message successfully sent!
Image message sent to 33667332626
✅ Message successfully sent!
Image message sent to 33673332392
✅ Message successfully sent!
Image message sent to 33768297079
✅ Message successfully sent!
Image message sent to 972535202364
Image message sent to 33673332392
✅ Message successfully sent!
Image message sent to 33768297079
Image message sent to 33673332392
✅ Message successfully sent!
Image message sent to 33673332392
✅ Message successfully sent!
Image message sent to 33768297079
✅ Message successfully sent!
Image message sent to 972535202364
✅ Message successfully sent!
Image message sent to 972538490250
✅ Message successfully sent!
Image message sent to 972548155327
✅ Message successfully sent!
Image message sent to 972549303826
✅ Message successfully sent!
Image message sent to 972549536077
✅ Message successfully sent!
Image message sent to 972585514707
✅ Message successfully sent!
Image message sent to 972586595454
✅ Message successfully sent!
Image message sent to 33612973145
✅ Message successfully sent!
Image message sent to 33621987953
✅ Message successfully sent!
Image message sent to 19172880404
✅ Message successfully sent!
Image message sent to 33601591050
✅ Message successfully sent!
Image message sent to 33616241681
✅ Message successfully sent!
Image message sent to 33630537393
✅ Message successfully sent!
Image message sent to 33661712704
✅ Message successfully sent!
Image message sent to 33698952652
✅ Message successfully sent!
Image message sent to 972506781486
✅ Message successfully sent!
Image message sent to 972525101554
✅ Message successfully sent!
Image message sent to 972542047879
✅ Message successfully sent!
Image message sent to 972546558213
✅ Message successfully sent!
Image message sent to 33651999766
✅ Message successfully sent!
Image message sent to 33610623637
✅ Message successfully sent!
Image message sent to 33651047132
✅ Message successfully sent!
Image message sent to 33678819030
✅ Message successfully sent!
Image message sent to 33695292695
Exception in thread Thread-3 (serve_forever):