2024-12-17 11:52:43.421455 - Thread started for sending messages.
2024-12-17 11:52:43.498771 - Existing message found: False, sent_ids count: 0
2024-12-17 11:52:43.995525 - Found 5939 recipients to send to.
2024-12-17 11:52:43.995525 - Initializing WebDriver.
2024-12-17 11:52:46.809986 - WebDriver initialized.
2024-12-17 11:52:46.809986 - Navigating to https://web.whatsapp.com/send?phone=972532842724
2024-12-17 11:52:54.574744 - Chat interface loaded for 972532842724
2024-12-17 11:52:56.029917 - Image selected for 972532842724
2024-12-17 11:53:10.603759 - Navigating to https://web.whatsapp.com/send?phone=972546809257
2024-12-17 11:53:16.455193 - Chat interface loaded for 972546809257
2024-12-17 11:53:17.724189 - Image selected for 972546809257
2024-12-17 11:53:21.547033 - Navigating to https://web.whatsapp.com/send?phone=33652368242
2024-12-17 11:53:27.108339 - Chat interface loaded for 33652368242
2024-12-17 11:53:28.734526 - Image selected for 33652368242
2024-12-17 11:53:32.608205 - Navigating to https://web.whatsapp.com/send?phone=972537080051
2024-12-17 11:53:38.607989 - Chat interface loaded for 972537080051
2024-12-17 11:53:39.933575 - Image selected for 972537080051
2024-12-17 11:53:43.762302 - Navigating to https://web.whatsapp.com/send?phone=33611622525
2024-12-17 11:53:49.847342 - Chat interface loaded for 33611622525
2024-12-17 11:53:51.081234 - Image selected for 33611622525
2024-12-17 11:53:54.974589 - Navigating to https://web.whatsapp.com/send?phone=33755549187
2024-12-17 11:54:01.082914 - Chat interface loaded for 33755549187
2024-12-17 11:54:02.398830 - Image selected for 33755549187
2024-12-17 11:54:06.352591 - Navigating to https://web.whatsapp.com/send?phone=972533206478
2024-12-17 11:54:12.413167 - Chat interface loaded for 972533206478
2024-12-17 11:54:13.615832 - Image selected for 972533206478
2024-12-17 11:54:17.510900 - Navigating to https://web.whatsapp.com/send?phone=972544613415
2024-12-17 11:54:24.288852 - Chat interface loaded for 972544613415
2024-12-17 11:54:25.090306 - Image selected for 972544613415
2024-12-17 11:54:28.952296 - Navigating to https://web.whatsapp.com/send?phone=972544969509
2024-12-17 11:54:34.970083 - Chat interface loaded for 972544969509
2024-12-17 11:54:36.269717 - Image selected for 972544969509
2024-12-17 11:54:40.160138 - Navigating to https://web.whatsapp.com/send?phone=972555004309
2024-12-17 11:54:46.353002 - Chat interface loaded for 972555004309
2024-12-17 11:54:47.619419 - Image selected for 972555004309
2024-12-17 11:54:51.605844 - Navigating to https://web.whatsapp.com/send?phone=972545944650
2024-12-17 11:54:57.757100 - Chat interface loaded for 972545944650
2024-12-17 11:54:58.955210 - Image selected for 972545944650
2024-12-17 11:55:03.079852 - Navigating to https://web.whatsapp.com/send?phone=33663151313
2024-12-17 11:55:10.121655 - Chat interface loaded for 33663151313
2024-12-17 11:55:11.163619 - Image selected for 33663151313
2024-12-17 11:55:15.391797 - Navigating to https://web.whatsapp.com/send?phone=33767496336
2024-12-17 11:55:21.748088 - Chat interface loaded for 33767496336
2024-12-17 11:55:23.071933 - Image selected for 33767496336
2024-12-17 11:55:27.054891 - Navigating to https://web.whatsapp.com/send?phone=972543261937
2024-12-17 11:55:33.301961 - Chat interface loaded for 972543261937
2024-12-17 11:55:34.591393 - Image selected for 972543261937
2024-12-17 11:55:38.739412 - Navigating to https://web.whatsapp.com/send?phone=972546872426
2024-12-17 11:55:44.992839 - Chat interface loaded for 972546872426
2024-12-17 11:55:46.365153 - Image selected for 972546872426
2024-12-17 11:55:50.399026 - Navigating to https://web.whatsapp.com/send?phone=33628233110
2024-12-17 11:55:56.883958 - Chat interface loaded for 33628233110
2024-12-17 11:55:58.137638 - Image selected for 33628233110
2024-12-17 11:56:02.144996 - Navigating to https://web.whatsapp.com/send?phone=33650833578
2024-12-17 11:56:08.678959 - Chat interface loaded for 33650833578
2024-12-17 11:56:09.984091 - Image selected for 33650833578
2024-12-17 11:56:14.268925 - Navigating to https://web.whatsapp.com/send?phone=33660424412
2024-12-17 11:56:20.524117 - Chat interface loaded for 33660424412
2024-12-17 11:56:21.811523 - Image selected for 33660424412
2024-12-17 11:56:26.045281 - Navigating to https://web.whatsapp.com/send?phone=972528856505
2024-12-17 11:56:32.776611 - Chat interface loaded for 972528856505
2024-12-17 11:56:33.703299 - Image selected for 972528856505
2024-12-17 11:56:37.603649 - Navigating to https://web.whatsapp.com/send?phone=972529516784
2024-12-17 11:56:43.770678 - Chat interface loaded for 972529516784
2024-12-17 11:56:45.091216 - Image selected for 972529516784
2024-12-17 11:56:49.113717 - Navigating to https://web.whatsapp.com/send?phone=972537080550
2024-12-17 11:56:55.331872 - Chat interface loaded for 972537080550
2024-12-17 11:56:56.597827 - Image selected for 972537080550
2024-12-17 11:57:10.858827 - Navigating to https://web.whatsapp.com/send?phone=972542059640
2024-12-17 11:57:16.941088 - Chat interface loaded for 972542059640
2024-12-17 11:57:18.226803 - Image selected for 972542059640
2024-12-17 11:57:22.144124 - Navigating to https://web.whatsapp.com/send?phone=972586355903
2024-12-17 11:57:28.043831 - Chat interface loaded for 972586355903
2024-12-17 11:57:29.328959 - Image selected for 972586355903
2024-12-17 11:57:33.296622 - Navigating to https://web.whatsapp.com/send?phone=33663229231
2024-12-17 11:57:40.299959 - Chat interface loaded for 33663229231
2024-12-17 11:57:41.672315 - Image selected for 33663229231
2024-12-17 11:57:46.042299 - Navigating to https://web.whatsapp.com/send?phone=972508874024
2024-12-17 11:57:52.202216 - Chat interface loaded for 972508874024
2024-12-17 11:57:53.425592 - Image selected for 972508874024
2024-12-17 11:57:57.370756 - Navigating to https://web.whatsapp.com/send?phone=972526398910
2024-12-17 11:58:04.467849 - Chat interface loaded for 972526398910
2024-12-17 11:58:05.924271 - Image selected for 972526398910
2024-12-17 11:58:10.067799 - Navigating to https://web.whatsapp.com/send?phone=972527287958
2024-12-17 11:58:16.420603 - Chat interface loaded for 972527287958
2024-12-17 11:58:17.686293 - Image selected for 972527287958
2024-12-17 11:58:21.662709 - Navigating to https://web.whatsapp.com/send?phone=972533533349
2024-12-17 11:58:28.849588 - Chat interface loaded for 972533533349
2024-12-17 11:58:30.267147 - Image selected for 972533533349
2024-12-17 11:58:34.583617 - Navigating to https://web.whatsapp.com/send?phone=972535523306
2024-12-17 11:58:40.838311 - Chat interface loaded for 972535523306
2024-12-17 11:58:42.109051 - Image selected for 972535523306
2024-12-17 11:58:46.126002 - Navigating to https://web.whatsapp.com/send?phone=972543074699
2024-12-17 11:58:52.332094 - Chat interface loaded for 972543074699
2024-12-17 11:58:53.582985 - Image selected for 972543074699
2024-12-17 11:58:57.566865 - Navigating to https://web.whatsapp.com/send?phone=972547164541
2024-12-17 11:59:03.781522 - Chat interface loaded for 972547164541
2024-12-17 11:59:05.103653 - Image selected for 972547164541
2024-12-17 11:59:09.097547 - Navigating to https://web.whatsapp.com/send?phone=972547808726
2024-12-17 11:59:15.437620 - Chat interface loaded for 972547808726
2024-12-17 11:59:16.710071 - Image selected for 972547808726
2024-12-17 11:59:20.853478 - Navigating to https://web.whatsapp.com/send?phone=972584611625
2024-12-17 11:59:27.200771 - Chat interface loaded for 972584611625
2024-12-17 11:59:28.462366 - Image selected for 972584611625
2024-12-17 11:59:32.441773 - Navigating to https://web.whatsapp.com/send?phone=972587423653
2024-12-17 11:59:38.840112 - Chat interface loaded for 972587423653
2024-12-17 11:59:40.090807 - Image selected for 972587423653
2024-12-17 11:59:44.049286 - Navigating to https://web.whatsapp.com/send?phone=972537749880
2024-12-17 11:59:50.413781 - Chat interface loaded for 972537749880
2024-12-17 11:59:51.620880 - Image selected for 972537749880
2024-12-17 11:59:55.565316 - Navigating to https://web.whatsapp.com/send?phone=33660549198
2024-12-17 12:00:01.842042 - Chat interface loaded for 33660549198
2024-12-17 12:00:03.045624 - Image selected for 33660549198
2024-12-17 12:00:07.142433 - Navigating to https://web.whatsapp.com/send?phone=972523835607
2024-12-17 12:00:13.519682 - Chat interface loaded for 972523835607
2024-12-17 12:00:14.773339 - Image selected for 972523835607
2024-12-17 12:00:18.836641 - Navigating to https://web.whatsapp.com/send?phone=972585250589
2024-12-17 12:00:25.252895 - Chat interface loaded for 972585250589
2024-12-17 12:00:26.496680 - Image selected for 972585250589
2024-12-17 12:00:30.925820 - Navigating to https://web.whatsapp.com/send?phone=972586880545
2024-12-17 12:00:37.230025 - Chat interface loaded for 972586880545
2024-12-17 12:00:38.458111 - Image selected for 972586880545
2024-12-17 12:00:42.348054 - Navigating to https://web.whatsapp.com/send?phone=972532745982
2024-12-17 12:00:48.524256 - Chat interface loaded for 972532745982
2024-12-17 12:00:49.715376 - Image selected for 972532745982
2024-12-17 12:00:53.701107 - Navigating to https://web.whatsapp.com/send?phone=972505847009
2024-12-17 12:01:00.645931 - Chat interface loaded for 972505847009
2024-12-17 12:01:02.069534 - Image selected for 972505847009
2024-12-17 12:01:06.394170 - Navigating to https://web.whatsapp.com/send?phone=33652565959
2024-12-17 12:01:12.916459 - Chat interface loaded for 33652565959
2024-12-17 12:01:14.186940 - Image selected for 33652565959
2024-12-17 12:01:18.392476 - Navigating to https://web.whatsapp.com/send?phone=33667186433
2024-12-17 12:01:25.477549 - Chat interface loaded for 33667186433
2024-12-17 12:01:26.916632 - Image selected for 33667186433
2024-12-17 12:01:30.837628 - Navigating to https://web.whatsapp.com/send?phone=972522634257
2024-12-17 12:01:36.982356 - Chat interface loaded for 972522634257
2024-12-17 12:01:38.208327 - Image selected for 972522634257
2024-12-17 12:01:42.129868 - Navigating to https://web.whatsapp.com/send?phone=972527222843
2024-12-17 12:01:48.795650 - Chat interface loaded for 972527222843
2024-12-17 12:01:50.028931 - Image selected for 972527222843
2024-12-17 12:01:53.970208 - Navigating to https://web.whatsapp.com/send?phone=972527586885
2024-12-17 12:02:00.584579 - Chat interface loaded for 972527586885
2024-12-17 12:02:01.924425 - Image selected for 972527586885
2024-12-17 12:02:06.004577 - Navigating to https://web.whatsapp.com/send?phone=972537080362
2024-12-17 12:02:11.945554 - Chat interface loaded for 972537080362
2024-12-17 12:02:13.285544 - Image selected for 972537080362
2024-12-17 12:02:17.232031 - Navigating to https://web.whatsapp.com/send?phone=972545907559
2024-12-17 12:02:23.461719 - Chat interface loaded for 972545907559
2024-12-17 12:02:24.661743 - Image selected for 972545907559
2024-12-17 12:02:28.609872 - Navigating to https://web.whatsapp.com/send?phone=33761712828
2024-12-17 12:02:35.004391 - Chat interface loaded for 33761712828
2024-12-17 12:02:36.312680 - Image selected for 33761712828
2024-12-17 12:02:40.186768 - Navigating to https://web.whatsapp.com/send?phone=972544382916
2024-12-17 12:02:46.342808 - Chat interface loaded for 972544382916
2024-12-17 12:02:47.538723 - Image selected for 972544382916
2024-12-17 12:02:51.388133 - Navigating to https://web.whatsapp.com/send?phone=33626822424
2024-12-17 12:02:57.624068 - Chat interface loaded for 33626822424
2024-12-17 12:02:58.868277 - Image selected for 33626822424
2024-12-17 12:03:02.799540 - Navigating to https://web.whatsapp.com/send?phone=972533209359
2024-12-17 12:03:09.852743 - Chat interface loaded for 972533209359
2024-12-17 12:03:11.350686 - Image selected for 972533209359
2024-12-17 12:03:15.582414 - Navigating to https://web.whatsapp.com/send?phone=972537085661
2024-12-17 12:03:21.855919 - Chat interface loaded for 972537085661
2024-12-17 12:03:23.051423 - Image selected for 972537085661
2024-12-17 12:03:27.003313 - Navigating to https://web.whatsapp.com/send?phone=972543927799
2024-12-17 12:03:33.408942 - Chat interface loaded for 972543927799
2024-12-17 12:03:34.595698 - Image selected for 972543927799
2024-12-17 12:03:38.612552 - Navigating to https://web.whatsapp.com/send?phone=972544510637
2024-12-17 12:03:45.072892 - Chat interface loaded for 972544510637
2024-12-17 12:03:46.414281 - Image selected for 972544510637
2024-12-17 12:03:50.354378 - Navigating to https://web.whatsapp.com/send?phone=972547328626
2024-12-17 12:03:56.526113 - Chat interface loaded for 972547328626
2024-12-17 12:03:57.935088 - Image selected for 972547328626
2024-12-17 12:04:12.076468 - Navigating to https://web.whatsapp.com/send?phone=972585270350
2024-12-17 12:04:18.326538 - Chat interface loaded for 972585270350
2024-12-17 12:04:19.552477 - Image selected for 972585270350
2024-12-17 12:04:23.382642 - Navigating to https://web.whatsapp.com/send?phone=972512655148
2024-12-17 12:04:29.383042 - Chat interface loaded for 972512655148
2024-12-17 12:04:30.765463 - Image selected for 972512655148
2024-12-17 12:04:34.637606 - Navigating to https://web.whatsapp.com/send?phone=972547693088
2024-12-17 12:04:40.885494 - Chat interface loaded for 972547693088
2024-12-17 12:04:42.212716 - Image selected for 972547693088
2024-12-17 12:04:46.298547 - Navigating to https://web.whatsapp.com/send?phone=33611830830
2024-12-17 12:04:52.489896 - Chat interface loaded for 33611830830
2024-12-17 12:04:53.759291 - Image selected for 33611830830
2024-12-17 12:04:57.688813 - Navigating to https://web.whatsapp.com/send?phone=33661178909
2024-12-17 12:05:04.116956 - Chat interface loaded for 33661178909
2024-12-17 12:05:05.285713 - Image selected for 33661178909
2024-12-17 12:05:09.197597 - Navigating to https://web.whatsapp.com/send?phone=33662588827
2024-12-17 12:05:15.645905 - Chat interface loaded for 33662588827
2024-12-17 12:05:16.817236 - Image selected for 33662588827
2024-12-17 12:05:20.803762 - Navigating to https://web.whatsapp.com/send?phone=33695366860
2024-12-17 12:05:27.253230 - Chat interface loaded for 33695366860
2024-12-17 12:05:28.395345 - Image selected for 33695366860
2024-12-17 12:05:32.328772 - Navigating to https://web.whatsapp.com/send?phone=972524608662
2024-12-17 12:05:38.799059 - Chat interface loaded for 972524608662
2024-12-17 12:05:39.954829 - Image selected for 972524608662
2024-12-17 12:05:44.230735 - Navigating to https://web.whatsapp.com/send?phone=972539611261
2024-12-17 12:05:51.054463 - Chat interface loaded for 972539611261
2024-12-17 12:05:52.014237 - Image selected for 972539611261
2024-12-17 12:05:56.036991 - Navigating to https://web.whatsapp.com/send?phone=972547007401
2024-12-17 12:06:02.371890 - Chat interface loaded for 972547007401
2024-12-17 12:06:03.597327 - Image selected for 972547007401
2024-12-17 12:06:07.527902 - Navigating to https://web.whatsapp.com/send?phone=972537084776
2024-12-17 12:06:13.774120 - Chat interface loaded for 972537084776
2024-12-17 12:06:14.984685 - Image selected for 972537084776
2024-12-17 12:06:18.993997 - Navigating to https://web.whatsapp.com/send?phone=972547635975
2024-12-17 12:06:25.575340 - Chat interface loaded for 972547635975
2024-12-17 12:06:26.795439 - Image selected for 972547635975
2024-12-17 12:06:30.803926 - Navigating to https://web.whatsapp.com/send?phone=33609341250
2024-12-17 12:06:37.843925 - Chat interface loaded for 33609341250
2024-12-17 12:06:39.265470 - Image selected for 33609341250
2024-12-17 12:06:43.344741 - Navigating to https://web.whatsapp.com/send?phone=33629517660
2024-12-17 12:06:50.405451 - Chat interface loaded for 33629517660
2024-12-17 12:06:51.170404 - Image selected for 33629517660
2024-12-17 12:06:55.272354 - Navigating to https://web.whatsapp.com/send?phone=33699329191
2024-12-17 12:07:02.175850 - Chat interface loaded for 33699329191
2024-12-17 12:07:03.139102 - Image selected for 33699329191
2024-12-17 12:07:07.264682 - Navigating to https://web.whatsapp.com/send?phone=972549054925
2024-12-17 12:07:14.721946 - Chat interface loaded for 972549054925
2024-12-17 12:07:16.129739 - Image selected for 972549054925
2024-12-17 12:07:20.271166 - Navigating to https://web.whatsapp.com/send?phone=972548036945
2024-12-17 12:07:27.352609 - Chat interface loaded for 972548036945
2024-12-17 12:07:28.826642 - Image selected for 972548036945
2024-12-17 12:07:33.068142 - Navigating to https://web.whatsapp.com/send?phone=33650869910
2024-12-17 12:07:40.302703 - Chat interface loaded for 33650869910
2024-12-17 12:07:41.718613 - Image selected for 33650869910
2024-12-17 12:07:45.773060 - Navigating to https://web.whatsapp.com/send?phone=33660931789
2024-12-17 12:07:52.400780 - Chat interface loaded for 33660931789
2024-12-17 12:07:53.564255 - Image selected for 33660931789
2024-12-17 12:07:57.660936 - Navigating to https://web.whatsapp.com/send?phone=33662311316
2024-12-17 12:08:04.134083 - Chat interface loaded for 33662311316
2024-12-17 12:08:05.403840 - Image selected for 33662311316
2024-12-17 12:08:09.736594 - Navigating to https://web.whatsapp.com/send?phone=972525487436
2024-12-17 12:08:16.899510 - Chat interface loaded for 972525487436
2024-12-17 12:08:18.300896 - Image selected for 972525487436
2024-12-17 12:08:22.586446 - Navigating to https://web.whatsapp.com/send?phone=972528902118
2024-12-17 12:08:29.041078 - Chat interface loaded for 972528902118
2024-12-17 12:08:30.259487 - Image selected for 972528902118
2024-12-17 12:08:34.360440 - Navigating to https://web.whatsapp.com/send?phone=972537089270
2024-12-17 12:08:40.921566 - Chat interface loaded for 972537089270
2024-12-17 12:08:42.066787 - Image selected for 972537089270
2024-12-17 12:08:46.504089 - Navigating to https://web.whatsapp.com/send?phone=972542180695
2024-12-17 12:08:53.655652 - Chat interface loaded for 972542180695
2024-12-17 12:08:54.946922 - Image selected for 972542180695
2024-12-17 12:08:59.625939 - Navigating to https://web.whatsapp.com/send?phone=972547423652
2024-12-17 12:09:06.102000 - Chat interface loaded for 972547423652
2024-12-17 12:09:07.315054 - Image selected for 972547423652
2024-12-17 12:09:11.401981 - Navigating to https://web.whatsapp.com/send?phone=972529543466
2024-12-17 12:09:18.703876 - Chat interface loaded for 972529543466
2024-12-17 12:09:20.039322 - Image selected for 972529543466
2024-12-17 12:09:24.303660 - Navigating to https://web.whatsapp.com/send?phone=972585882424
2024-12-17 12:09:30.872401 - Chat interface loaded for 972585882424
2024-12-17 12:09:32.122771 - Image selected for 972585882424
2024-12-17 12:09:36.729435 - Navigating to https://web.whatsapp.com/send?phone=33781970737
2024-12-17 12:09:44.159870 - Chat interface loaded for 33781970737
2024-12-17 12:09:45.532161 - Image selected for 33781970737
2024-12-17 12:09:49.753291 - Navigating to https://web.whatsapp.com/send?phone=972537080504
2024-12-17 12:09:57.542603 - Chat interface loaded for 972537080504
2024-12-17 12:09:58.938440 - Image selected for 972537080504
2024-12-17 12:10:03.142064 - Navigating to https://web.whatsapp.com/send?phone=33766718192
2024-12-17 12:10:10.053496 - Chat interface loaded for 33766718192
2024-12-17 12:10:11.514546 - Image selected for 33766718192
2024-12-17 12:10:15.796867 - Navigating to https://web.whatsapp.com/send?phone=972549527265
2024-12-17 12:10:22.130433 - Chat interface loaded for 972549527265
2024-12-17 12:10:23.328602 - Image selected for 972549527265
2024-12-17 12:10:27.273081 - Navigating to https://web.whatsapp.com/send?phone=33613423372
2024-12-17 12:10:33.432310 - Chat interface loaded for 33613423372
2024-12-17 12:10:34.579603 - Image selected for 33613423372
2024-12-17 12:10:38.468126 - Navigating to https://web.whatsapp.com/send?phone=33616589102
2024-12-17 12:10:44.681454 - Chat interface loaded for 33616589102
2024-12-17 12:10:45.826666 - Image selected for 33616589102
2024-12-17 12:10:49.849908 - Navigating to https://web.whatsapp.com/send?phone=33659029497
2024-12-17 12:10:56.066246 - Chat interface loaded for 33659029497
2024-12-17 12:10:57.247605 - Image selected for 33659029497
2024-12-17 12:11:01.451276 - Navigating to https://web.whatsapp.com/send?phone=33660259631
2024-12-17 12:11:08.201575 - Chat interface loaded for 33660259631
2024-12-17 12:11:08.985775 - Image selected for 33660259631
2024-12-17 12:11:12.956658 - Navigating to https://web.whatsapp.com/send?phone=33670176681
2024-12-17 12:11:19.412071 - Chat interface loaded for 33670176681
2024-12-17 12:11:20.559219 - Image selected for 33670176681
2024-12-17 12:11:24.556603 - Navigating to https://web.whatsapp.com/send?phone=33752080808
2024-12-17 12:11:31.939021 - Chat interface loaded for 33752080808
2024-12-17 12:11:32.930435 - Image selected for 33752080808
2024-12-17 12:11:37.005327 - Navigating to https://web.whatsapp.com/send?phone=972528494812
2024-12-17 12:11:43.386318 - Chat interface loaded for 972528494812
2024-12-17 12:11:44.585993 - Image selected for 972528494812
2024-12-17 12:11:48.569142 - Navigating to https://web.whatsapp.com/send?phone=972548703978
2024-12-17 12:11:55.760271 - Chat interface loaded for 972548703978
2024-12-17 12:11:57.199491 - Image selected for 972548703978
2024-12-17 12:12:03.800809 - Navigating to https://web.whatsapp.com/send?phone=33626301481
2024-12-17 12:12:11.276816 - Chat interface loaded for 33626301481
2024-12-17 12:12:12.687057 - Image selected for 33626301481
2024-12-17 12:12:16.595110 - Navigating to https://web.whatsapp.com/send?phone=972585172205
2024-12-17 12:12:23.395564 - Chat interface loaded for 972585172205
2024-12-17 12:12:24.724208 - Image selected for 972585172205
2024-12-17 12:12:28.820853 - Navigating to https://web.whatsapp.com/send?phone=972524087180
2024-12-17 12:12:35.469523 - Chat interface loaded for 972524087180
2024-12-17 12:12:36.634688 - Image selected for 972524087180
2024-12-17 12:12:40.638996 - Navigating to https://web.whatsapp.com/send?phone=972525894633
2024-12-17 12:12:47.760191 - Chat interface loaded for 972525894633
2024-12-17 12:12:49.165701 - Image selected for 972525894633
2024-12-17 12:12:53.142788 - Navigating to https://web.whatsapp.com/send?phone=972527295184
2024-12-17 12:13:00.521378 - Chat interface loaded for 972527295184
2024-12-17 12:13:01.775274 - Image selected for 972527295184
2024-12-17 12:13:05.969724 - Progress update: 100 messages sent so far.
2024-12-17 12:13:07.636914 - Navigating to https://web.whatsapp.com/send?phone=972555003465
2024-12-17 12:13:14.545264 - Chat interface loaded for 972555003465
2024-12-17 12:13:15.984071 - Image selected for 972555003465
2024-12-17 12:13:19.968981 - Navigating to https://web.whatsapp.com/send?phone=972584101293
2024-12-17 12:13:26.844389 - Chat interface loaded for 972584101293
2024-12-17 12:13:28.149636 - Image selected for 972584101293
2024-12-17 12:13:32.220246 - Navigating to https://web.whatsapp.com/send?phone=972586880546
2024-12-17 12:13:38.419661 - Chat interface loaded for 972586880546
2024-12-17 12:13:39.629322 - Image selected for 972586880546
2024-12-17 12:13:43.568423 - Navigating to https://web.whatsapp.com/send?phone=972537081877
2024-12-17 12:13:50.773502 - Chat interface loaded for 972537081877
2024-12-17 12:13:52.177570 - Image selected for 972537081877
2024-12-17 12:13:56.131421 - Navigating to https://web.whatsapp.com/send?phone=972587711661
2024-12-17 12:14:03.148514 - Chat interface loaded for 972587711661
2024-12-17 12:14:04.736189 - Image selected for 972587711661
2024-12-17 12:14:08.784280 - Navigating to https://web.whatsapp.com/send?phone=33667616369
2024-12-17 12:14:15.918115 - Chat interface loaded for 33667616369
2024-12-17 12:14:17.253475 - Image selected for 33667616369
2024-12-17 12:14:21.173335 - Navigating to https://web.whatsapp.com/send?phone=33675279298
2024-12-17 12:14:27.366905 - Chat interface loaded for 33675279298
2024-12-17 12:14:28.501009 - Image selected for 33675279298
2024-12-17 12:14:32.474293 - Navigating to https://web.whatsapp.com/send?phone=972535501702
2024-12-17 12:14:38.669812 - Chat interface loaded for 972535501702
2024-12-17 12:14:39.836872 - Image selected for 972535501702
2024-12-17 12:14:43.771704 - Navigating to https://web.whatsapp.com/send?phone=972537291870
2024-12-17 12:14:50.124390 - Chat interface loaded for 972537291870
2024-12-17 12:14:51.273022 - Image selected for 972537291870
2024-12-17 12:14:55.333777 - Navigating to https://web.whatsapp.com/send?phone=972538791261
2024-12-17 12:15:02.205449 - Chat interface loaded for 972538791261
2024-12-17 12:15:03.616995 - Image selected for 972538791261
2024-12-17 12:15:07.852327 - Navigating to https://web.whatsapp.com/send?phone=972547641307
2024-12-17 12:15:14.068741 - Chat interface loaded for 972547641307
2024-12-17 12:15:15.279277 - Image selected for 972547641307
2024-12-17 12:15:19.232636 - Navigating to https://web.whatsapp.com/send?phone=972585001358
2024-12-17 12:15:25.842389 - Chat interface loaded for 972585001358
2024-12-17 12:15:27.005919 - Image selected for 972585001358
2024-12-17 12:15:31.082972 - Navigating to https://web.whatsapp.com/send?phone=972587966746
2024-12-17 12:15:37.648358 - Chat interface loaded for 972587966746
2024-12-17 12:15:38.540377 - Image selected for 972587966746
2024-12-17 12:15:42.742013 - Navigating to https://web.whatsapp.com/send?phone=33620804475
2024-12-17 12:15:49.344797 - Chat interface loaded for 33620804475
2024-12-17 12:15:50.487175 - Image selected for 33620804475
2024-12-17 12:15:54.503633 - Navigating to https://web.whatsapp.com/send?phone=33662097793
2024-12-17 12:16:01.248945 - Chat interface loaded for 33662097793
2024-12-17 12:16:02.285177 - Image selected for 33662097793
2024-12-17 12:16:06.422062 - Navigating to https://web.whatsapp.com/send?phone=972537080250
2024-12-17 12:16:12.662690 - Chat interface loaded for 972537080250
2024-12-17 12:16:13.795168 - Image selected for 972537080250
2024-12-17 12:16:17.724943 - Navigating to https://web.whatsapp.com/send?phone=972549441800
2024-12-17 12:16:23.949818 - Chat interface loaded for 972549441800
2024-12-17 12:16:25.093112 - Image selected for 972549441800
2024-12-17 12:16:29.056479 - Navigating to https://web.whatsapp.com/send?phone=972555002729
2024-12-17 12:16:35.419074 - Chat interface loaded for 972555002729
2024-12-17 12:16:36.619027 - Image selected for 972555002729
2024-12-17 12:16:40.615707 - Navigating to https://web.whatsapp.com/send?phone=972585700303
2024-12-17 12:16:47.536131 - Chat interface loaded for 972585700303
2024-12-17 12:16:48.954262 - Image selected for 972585700303
2024-12-17 12:16:53.136886 - Navigating to https://web.whatsapp.com/send?phone=972587897009
2024-12-17 12:17:00.217583 - Chat interface loaded for 972587897009
2024-12-17 12:17:01.546571 - Image selected for 972587897009
2024-12-17 12:17:05.828810 - Navigating to https://web.whatsapp.com/send?phone=972502612674
2024-12-17 12:17:13.067923 - Chat interface loaded for 972502612674
2024-12-17 12:17:14.332086 - Image selected for 972502612674
2024-12-17 12:17:18.594386 - Navigating to https://web.whatsapp.com/send?phone=33609973548
2024-12-17 12:17:25.457169 - Chat interface loaded for 33609973548
2024-12-17 12:17:26.888199 - Image selected for 33609973548
2024-12-17 12:17:31.061190 - Navigating to https://web.whatsapp.com/send?phone=33620595586
2024-12-17 12:17:38.044522 - Chat interface loaded for 33620595586
2024-12-17 12:17:39.361232 - Image selected for 33620595586
2024-12-17 12:17:43.255529 - Navigating to https://web.whatsapp.com/send?phone=33660967881
2024-12-17 12:17:49.317884 - Chat interface loaded for 33660967881
2024-12-17 12:17:50.515167 - Image selected for 33660967881
2024-12-17 12:17:54.365818 - Navigating to https://web.whatsapp.com/send?phone=972537082633
2024-12-17 12:18:00.634922 - Chat interface loaded for 972537082633
2024-12-17 12:18:01.780351 - Image selected for 972537082633
2024-12-17 12:18:05.646226 - Navigating to https://web.whatsapp.com/send?phone=972537089755
2024-12-17 12:18:11.800847 - Chat interface loaded for 972537089755
2024-12-17 12:18:12.946425 - Image selected for 972537089755
2024-12-17 12:18:16.865182 - Navigating to https://web.whatsapp.com/send?phone=972544862188
2024-12-17 12:18:23.207365 - Chat interface loaded for 972544862188
2024-12-17 12:18:24.342156 - Image selected for 972544862188
2024-12-17 12:18:28.339113 - Navigating to https://web.whatsapp.com/send?phone=972545865608
2024-12-17 12:18:34.633649 - Chat interface loaded for 972545865608
2024-12-17 12:18:35.730940 - Image selected for 972545865608
2024-12-17 12:18:40.120082 - Navigating to https://web.whatsapp.com/send?phone=972548727795
2024-12-17 12:18:46.426703 - Chat interface loaded for 972548727795
2024-12-17 12:18:47.570954 - Image selected for 972548727795
2024-12-17 12:18:51.392966 - Navigating to https://web.whatsapp.com/send?phone=972586560202
2024-12-17 12:18:58.258306 - Chat interface loaded for 972586560202
2024-12-17 12:18:59.577086 - Image selected for 972586560202
2024-12-17 12:19:03.777882 - Navigating to https://web.whatsapp.com/send?phone=972543118546
2024-12-17 12:19:09.948429 - Chat interface loaded for 972543118546
2024-12-17 12:19:11.111777 - Image selected for 972543118546
2024-12-17 12:19:15.048839 - Navigating to https://web.whatsapp.com/send?phone=34619626921
2024-12-17 12:19:21.916827 - Chat interface loaded for 34619626921
2024-12-17 12:19:22.650444 - Image selected for 34619626921
2024-12-17 12:19:26.574460 - Navigating to https://web.whatsapp.com/send?phone=33783277433
2024-12-17 12:19:32.926574 - Chat interface loaded for 33783277433
2024-12-17 12:19:34.069713 - Image selected for 33783277433
2024-12-17 12:19:38.048952 - Navigating to https://web.whatsapp.com/send?phone=972532301461
2024-12-17 12:19:44.942707 - Chat interface loaded for 972532301461
2024-12-17 12:19:46.336472 - Image selected for 972532301461
2024-12-17 12:19:50.363110 - Navigating to https://web.whatsapp.com/send?phone=972532350637
2024-12-17 12:19:57.243004 - Chat interface loaded for 972532350637
2024-12-17 12:19:58.558735 - Image selected for 972532350637
2024-12-17 12:20:02.686349 - Navigating to https://web.whatsapp.com/send?phone=972546428981
2024-12-17 12:20:09.425480 - Chat interface loaded for 972546428981
2024-12-17 12:20:10.261526 - Image selected for 972546428981
2024-12-17 12:20:14.422458 - Navigating to https://web.whatsapp.com/send?phone=972549559727
2024-12-17 12:20:21.514030 - Chat interface loaded for 972549559727
2024-12-17 12:20:22.914557 - Image selected for 972549559727
2024-12-17 12:20:27.151422 - Navigating to https://web.whatsapp.com/send?phone=972586880051
2024-12-17 12:20:34.889700 - Chat interface loaded for 972586880051
2024-12-17 12:20:36.181741 - Image selected for 972586880051
2024-12-17 12:20:40.366971 - Navigating to https://web.whatsapp.com/send?phone=972587118218
2024-12-17 12:20:47.331624 - Chat interface loaded for 972587118218
2024-12-17 12:20:48.698505 - Image selected for 972587118218
2024-12-17 12:20:52.929951 - Navigating to https://web.whatsapp.com/send?phone=972587902909
2024-12-17 12:20:59.759844 - Chat interface loaded for 972587902909
2024-12-17 12:21:00.589129 - Image selected for 972587902909
2024-12-17 12:21:04.576083 - Navigating to https://web.whatsapp.com/send?phone=972532782655
2024-12-17 12:21:11.748490 - Chat interface loaded for 972532782655
2024-12-17 12:21:13.176396 - Image selected for 972532782655
2024-12-17 12:21:17.118706 - Navigating to https://web.whatsapp.com/send?phone=972547508032
2024-12-17 12:21:24.072084 - Chat interface loaded for 972547508032
2024-12-17 12:21:25.358700 - Image selected for 972547508032
2024-12-17 12:21:29.710431 - Navigating to https://web.whatsapp.com/send?phone=33618325297
2024-12-17 12:21:36.815425 - Chat interface loaded for 33618325297
2024-12-17 12:21:38.246271 - Image selected for 33618325297
2024-12-17 12:21:42.161535 - Navigating to https://web.whatsapp.com/send?phone=33624333333
2024-12-17 12:21:49.247723 - Chat interface loaded for 33624333333
2024-12-17 12:21:50.629392 - Image selected for 33624333333
2024-12-17 12:21:54.556385 - Navigating to https://web.whatsapp.com/send?phone=33627133237
2024-12-17 12:22:01.134754 - Chat interface loaded for 33627133237
2024-12-17 12:22:01.981351 - Image selected for 33627133237
2024-12-17 12:22:06.275973 - Navigating to https://web.whatsapp.com/send?phone=33629994652
2024-12-17 12:22:13.127568 - Chat interface loaded for 33629994652
2024-12-17 12:22:14.399434 - Image selected for 33629994652
2024-12-17 12:22:18.702704 - Navigating to https://web.whatsapp.com/send?phone=33643939284
2024-12-17 12:22:25.676226 - Chat interface loaded for 33643939284
2024-12-17 12:22:27.022987 - Image selected for 33643939284
2024-12-17 12:22:30.902258 - Navigating to https://web.whatsapp.com/send?phone=33663746091
2024-12-17 12:22:37.815060 - Chat interface loaded for 33663746091
2024-12-17 12:22:39.292990 - Image selected for 33663746091
2024-12-17 12:22:43.193568 - Navigating to https://web.whatsapp.com/send?phone=33666478337
2024-12-17 12:22:50.080704 - Chat interface loaded for 33666478337
2024-12-17 12:22:51.498178 - Image selected for 33666478337
2024-12-17 12:22:55.434715 - Navigating to https://web.whatsapp.com/send?phone=33688064627
2024-12-17 12:23:02.702868 - Chat interface loaded for 33688064627
2024-12-17 12:23:03.947211 - Image selected for 33688064627
2024-12-17 12:23:07.911020 - Navigating to https://web.whatsapp.com/send?phone=33699787391
2024-12-17 12:23:14.954365 - Chat interface loaded for 33699787391
2024-12-17 12:23:16.315521 - Image selected for 33699787391
2024-12-17 12:23:20.296732 - Navigating to https://web.whatsapp.com/send?phone=33767555353
2024-12-17 12:23:27.527760 - Chat interface loaded for 33767555353
2024-12-17 12:23:28.886876 - Image selected for 33767555353
2024-12-17 12:23:32.863272 - Navigating to https://web.whatsapp.com/send?phone=972543172272
2024-12-17 12:23:39.831912 - Chat interface loaded for 972543172272
2024-12-17 12:23:41.218634 - Image selected for 972543172272
2024-12-17 12:23:45.276108 - Navigating to https://web.whatsapp.com/send?phone=972586306102
2024-12-17 12:23:52.389490 - Chat interface loaded for 972586306102
2024-12-17 12:23:53.814135 - Image selected for 972586306102
2024-12-17 12:23:57.775751 - Navigating to https://web.whatsapp.com/send?phone=33610055554
2024-12-17 12:24:04.741121 - Chat interface loaded for 33610055554
2024-12-17 12:24:06.086824 - Image selected for 33610055554
2024-12-17 12:24:09.977008 - Navigating to https://web.whatsapp.com/send?phone=13104876938
2024-12-17 12:24:16.812379 - Chat interface loaded for 13104876938
2024-12-17 12:24:18.139262 - Image selected for 13104876938
2024-12-17 12:24:21.985905 - Navigating to https://web.whatsapp.com/send?phone=33601365813
2024-12-17 12:24:29.243251 - Chat interface loaded for 33601365813
2024-12-17 12:24:30.544329 - Image selected for 33601365813
2024-12-17 12:24:34.792468 - Navigating to https://web.whatsapp.com/send?phone=33611644183
2024-12-17 12:24:41.943947 - Chat interface loaded for 33611644183
2024-12-17 12:24:43.215283 - Image selected for 33611644183
2024-12-17 12:24:47.091677 - Navigating to https://web.whatsapp.com/send?phone=33616526709
2024-12-17 12:24:53.886370 - Chat interface loaded for 33616526709
2024-12-17 12:24:55.185483 - Image selected for 33616526709
2024-12-17 12:24:59.463560 - Navigating to https://web.whatsapp.com/send?phone=33620074495
2024-12-17 12:25:05.725000 - Chat interface loaded for 33620074495
2024-12-17 12:25:06.802333 - Image selected for 33620074495
2024-12-17 12:25:10.717247 - Navigating to https://web.whatsapp.com/send?phone=33623618340
2024-12-17 12:25:17.548374 - Chat interface loaded for 33623618340
2024-12-17 12:25:18.973948 - Image selected for 33623618340
2024-12-17 12:25:23.142089 - Navigating to https://web.whatsapp.com/send?phone=33629322726
2024-12-17 12:25:29.690499 - Chat interface loaded for 33629322726
2024-12-17 12:25:30.433440 - Image selected for 33629322726
2024-12-17 12:25:34.635783 - Navigating to https://web.whatsapp.com/send?phone=33660159797
2024-12-17 12:25:41.511761 - Chat interface loaded for 33660159797
2024-12-17 12:25:42.893601 - Image selected for 33660159797
2024-12-17 12:25:46.708558 - Navigating to https://web.whatsapp.com/send?phone=33667332626
2024-12-17 12:25:53.856301 - Chat interface loaded for 33667332626
2024-12-17 12:25:55.078242 - Image selected for 33667332626
2024-12-17 12:25:58.950250 - Navigating to https://web.whatsapp.com/send?phone=33673332392
2024-12-17 12:26:05.591215 - Chat interface loaded for 33673332392
2024-12-17 12:26:06.905459 - Image selected for 33673332392
2024-12-17 12:26:10.899484 - Navigating to https://web.whatsapp.com/send?phone=33768297079
2024-12-17 12:26:17.936004 - Chat interface loaded for 33768297079
2024-12-17 12:26:19.346530 - Image selected for 33768297079
2024-12-17 12:26:23.260385 - Navigating to https://web.whatsapp.com/send?phone=972535202364
2024-12-17 12:26:30.372325 - Chat interface loaded for 972535202364
2024-12-17 12:26:31.699713 - Image selected for 972535202364
2024-12-17 12:26:35.653879 - Navigating to https://web.whatsapp.com/send?phone=972538490250
2024-12-17 12:26:42.519767 - Chat interface loaded for 972538490250
2024-12-17 12:26:43.347229 - Image selected for 972538490250
2024-12-17 12:26:47.286875 - Navigating to https://web.whatsapp.com/send?phone=972548155327
2024-12-17 12:26:54.264453 - Chat interface loaded for 972548155327
2024-12-17 12:26:55.610653 - Image selected for 972548155327
2024-12-17 12:26:59.661700 - Navigating to https://web.whatsapp.com/send?phone=972549303826
2024-12-17 12:27:06.603586 - Chat interface loaded for 972549303826
2024-12-17 12:27:07.946122 - Image selected for 972549303826
2024-12-17 12:27:11.944993 - Navigating to https://web.whatsapp.com/send?phone=972549536077
2024-12-17 12:27:19.055674 - Chat interface loaded for 972549536077
2024-12-17 12:27:20.429287 - Image selected for 972549536077
2024-12-17 12:27:24.437258 - Navigating to https://web.whatsapp.com/send?phone=972585514707
2024-12-17 12:27:31.964814 - Chat interface loaded for 972585514707
2024-12-17 12:27:33.260057 - Image selected for 972585514707
2024-12-17 12:27:37.254332 - Navigating to https://web.whatsapp.com/send?phone=972586595454
2024-12-17 12:27:44.550629 - Chat interface loaded for 972586595454
2024-12-17 12:27:45.891508 - Image selected for 972586595454
2024-12-17 12:27:49.793396 - Navigating to https://web.whatsapp.com/send?phone=33612973145
2024-12-17 12:27:56.943569 - Chat interface loaded for 33612973145
2024-12-17 12:27:58.186819 - Image selected for 33612973145
2024-12-17 12:28:02.065207 - Navigating to https://web.whatsapp.com/send?phone=33621987953
2024-12-17 12:28:08.948286 - Chat interface loaded for 33621987953
2024-12-17 12:28:10.293403 - Image selected for 33621987953
2024-12-17 12:28:14.214876 - Navigating to https://web.whatsapp.com/send?phone=19172880404
2024-12-17 12:28:21.038389 - Chat interface loaded for 19172880404
2024-12-17 12:28:22.469864 - Image selected for 19172880404
2024-12-17 12:28:26.678727 - Navigating to https://web.whatsapp.com/send?phone=33601591050
2024-12-17 12:28:33.556861 - Chat interface loaded for 33601591050
2024-12-17 12:28:34.512497 - Image selected for 33601591050
2024-12-17 12:28:38.645594 - Navigating to https://web.whatsapp.com/send?phone=33616241681
2024-12-17 12:28:46.037179 - Chat interface loaded for 33616241681
2024-12-17 12:28:47.051001 - Image selected for 33616241681
2024-12-17 12:28:50.937723 - Navigating to https://web.whatsapp.com/send?phone=33630537393
2024-12-17 12:28:57.883035 - Chat interface loaded for 33630537393
2024-12-17 12:28:59.246689 - Image selected for 33630537393
2024-12-17 12:29:03.200716 - Navigating to https://web.whatsapp.com/send?phone=33661712704
2024-12-17 12:29:10.138796 - Chat interface loaded for 33661712704
2024-12-17 12:29:11.503452 - Image selected for 33661712704
2024-12-17 12:29:15.707107 - Navigating to https://web.whatsapp.com/send?phone=33698952652
2024-12-17 12:29:22.545263 - Chat interface loaded for 33698952652
2024-12-17 12:29:24.006308 - Image selected for 33698952652
2024-12-17 12:29:27.934937 - Navigating to https://web.whatsapp.com/send?phone=972506781486
2024-12-17 12:29:35.068256 - Chat interface loaded for 972506781486
2024-12-17 12:29:36.356266 - Image selected for 972506781486
2024-12-17 12:29:40.270820 - Navigating to https://web.whatsapp.com/send?phone=972525101554
2024-12-17 12:29:47.184477 - Chat interface loaded for 972525101554
2024-12-17 12:29:48.523859 - Image selected for 972525101554
2024-12-17 12:29:52.856595 - Navigating to https://web.whatsapp.com/send?phone=972542047879
2024-12-17 12:29:59.709394 - Chat interface loaded for 972542047879
2024-12-17 12:30:01.082344 - Image selected for 972542047879
2024-12-17 12:30:05.344901 - Navigating to https://web.whatsapp.com/send?phone=972546558213
2024-12-17 12:30:12.227721 - Chat interface loaded for 972546558213
2024-12-17 12:30:13.602631 - Image selected for 972546558213
2024-12-17 12:30:17.832412 - Navigating to https://web.whatsapp.com/send?phone=33651999766
2024-12-17 12:30:24.460479 - Chat interface loaded for 33651999766
2024-12-17 12:30:25.785025 - Image selected for 33651999766
2024-12-17 12:30:30.026013 - Navigating to https://web.whatsapp.com/send?phone=33610623637
2024-12-17 12:30:37.022384 - Chat interface loaded for 33610623637
2024-12-17 12:30:38.418365 - Image selected for 33610623637
2024-12-17 12:30:42.367210 - Navigating to https://web.whatsapp.com/send?phone=33651047132
2024-12-17 12:30:49.526134 - Chat interface loaded for 33651047132
2024-12-17 12:30:50.792412 - Image selected for 33651047132
2024-12-17 12:30:55.167721 - Navigating to https://web.whatsapp.com/send?phone=33678819030
2024-12-17 12:31:02.299088 - Chat interface loaded for 33678819030
2024-12-17 12:31:03.582154 - Image selected for 33678819030
2024-12-17 12:31:07.823475 - Navigating to https://web.whatsapp.com/send?phone=33695292695
2024-12-17 12:31:14.512888 - Chat interface loaded for 33695292695
2024-12-17 12:31:15.464817 - Image selected for 33695292695
2024-12-17 12:31:19.425836 - Navigating to https://web.whatsapp.com/send?phone=33695413064
2024-12-17 12:31:40.110452 - Failed to send message to 33695413064: Message: 
Stacktrace:
	GetHandleVerifier [0x010334A3+25059]
	(No symbol) [0x00FBCEA4]
	(No symbol) [0x00E9BEC3]
	(No symbol) [0x00EDFD86]
	(No symbol) [0x00EDFFCB]
	(No symbol) [0x00F1D952]
	(No symbol) [0x00F01F44]
	(No symbol) [0x00F1B51E]
	(No symbol) [0x00F01C96]
	(No symbol) [0x00ED3FAC]
	(No symbol) [0x00ED4F3D]
	GetHandleVerifier [0x01325613+3113811]
	GetHandleVerifier [0x0133A2DA+3199002]
	GetHandleVerifier [0x01332AB2+3168242]
	GetHandleVerifier [0x010D3310+680016]
	(No symbol) [0x00FC57ED]
	(No symbol) [0x00FC2A98]
	(No symbol) [0x00FC2C35]
	(No symbol) [0x00FB5890]
	BaseThreadInitThunk [0x763C7BA9+25]
	RtlInitializeExceptionChain [0x772AC0CB+107]
	RtlClearBits [0x772AC04F+191]

2024-12-17 12:31:42.015028 - Navigating to https://web.whatsapp.com/send?phone=33760005444
